Please select from four bounce houses: 1, 2, 3, and 4
Enter bounce house selection: Invalid selection. Select from 1 to 4.