Please select from four bounce houses: 1, 2, 3, and 4
Enter bounce house selection: Enter days:Enter hours:Charge($): 150